// Jest Snapshot v1, https://goo.gl/fbAQLP

exports[`WorkExperience renders correctly 1`] = `
<div>
  <div
    class="flex transition-all transform md:hover:scale-[1.01]"
  >
    <div
      class="md:w-10/12 px-8 py-6 rounded-3xl glass-light dark:glass-dark mb-6 drop-shadow-lg hover:drop-shadow-2xl transition-all"
    >
      <div
        class="flex gap-4 items-start md:items-center"
      >
        <img
          alt="Holland & Barrett"
          class="rounded-md"
          data-nimg="1"
          decoding="async"
          height="64"
          loading="lazy"
          src="/assets/companies/holland-and-barrett.svg"
          style="color: transparent;"
          width="64"
        />
        <div
          class="w-full mb-2"
        >
          <div
            class="flex flex-col-reverse md:flex-row justify-between"
          >
            <h3
              class="font-bold"
            >
              Senior Software Engineer
            </h3>
            <span
              class="text-sm md:text-base"
            >
              Aug 2020 â€” present
            </span>
          </div>
          <h4>
            <a
              class="underlined relative"
              href="https://www.hollandandbarrett.com/"
              rel="noopener noreferrer"
              target="_blank"
            >
              Holland & Barrett
            </a>
          </h4>
          <p
            class="hidden md:block text-sm"
          >
            <strong>
              Technologies: 
            </strong>
            TypeScript, React, Next.js, Redux, GraphQL, REST API, Jest, Cypress
          </p>
        </div>
      </div>
      <p
        class="md:hidden text-sm"
      >
        <strong>
          Technologies: 
        </strong>
        TypeScript, React, Next.js, Redux, GraphQL, REST API, Jest, Cypress
      </p>
      <div
        id="contentBlock"
      />
    </div>
  </div>
</div>
`;
