// Jest Snapshot v1, https://goo.gl/fbAQLP

exports[`Education renders correctly 1`] = `
<div>
  <div
    class="flex transition-all transform md:hover:scale-[1.01]"
  >
    <div
      class="md:w-10/12 px-8 py-6 rounded-3xl glass-light dark:glass-dark mb-6 drop-shadow-lg hover:drop-shadow-2xl transition-all"
    >
      <div
        class="flex gap-4 items-center"
      >
        <img
          alt="Some Company"
          class="rounded-md"
          data-nimg="1"
          decoding="async"
          height="64"
          loading="lazy"
          src="/assets/companies/dennis.svg"
          style="color: transparent;"
          width="64"
        />
        <div
          class="w-full mb-2"
        >
          <div
            class="flex justify-between"
          >
            <h3
              class="font-bold"
            >
              Some course
            </h3>
            <span>
              Jan 2020
            </span>
          </div>
          <h4>
            <a
              class="underlined relative"
              href="https://somecompany.com/"
              rel="noopener noreferrer"
              target="_blank"
            >
              Some Company
            </a>
          </h4>
          <p
            class="text-sm"
          >
            <strong>
              Course Contents: 
            </strong>
            TypeScript, React
          </p>
        </div>
      </div>
    </div>
  </div>
</div>
`;
