// Jest Snapshot v1, https://goo.gl/fbAQLP

exports[`PodcastList renders correctly 1`] = `
<div>
  <ul
    class="relative px-4 md:px-0 -mx-4 md:mx-0 w-[100vw] md:w-full flex gap-4 snap-x scroll-mandatory overflow-x-auto pb-14"
  >
    <li
      class="snap-center overflow-hidden shrink-0 p-1 rounded-md w-[128px] h-[128px] transition-all bg-transparent hover:bg-gradient-to-r hover:from-blue-start hover:to-blue-stop dark:hover:from-purple-start dark:hover:via-purple-middle dark:hover:to-purple-stop"
    >
      <a
        href="https://www.syntax.fm/"
        rel="noopener noreferrer"
        target="_blank"
      >
        <img
          alt="Syntax.fm"
          data-nimg="1"
          decoding="async"
          height="128"
          loading="lazy"
          src="/_next/image?url=%2Fassets%2Fpodcasts%2Fsyntax.png&w=256&q=75"
          srcset="/_next/image?url=%2Fassets%2Fpodcasts%2Fsyntax.png&w=128&q=75 1x, /_next/image?url=%2Fassets%2Fpodcasts%2Fsyntax.png&w=256&q=75 2x"
          style="color: transparent;"
          width="128"
        />
      </a>
    </li>
  </ul>
</div>
`;
