// Jest Snapshot v1, https://goo.gl/fbAQLP

exports[`ContactForm renders correctly 1`] = `
<div>
  <form
    action="#"
    class="mt-4"
    role="form"
  >
    <div
      class="md:w-10/12 px-8 py-6 rounded-3xl glass-light dark:glass-dark mb-6 drop-shadow-lg hover:drop-shadow-2xl transition-all"
    >
      <label
        class="flex flex-col font-bold mb-2 mt-6"
        for="firstName"
      >
        First Name
        <input
          class="px-4 py-2 rounded-md my-2 ring-1 ring-grey-400 dark:ring-grey-700"
          id="firstName"
          name="firstName"
          placeholder="John"
          type="text"
          value=""
        />
        <div
          class="font-sm font-normal text-red-600"
        />
      </label>
      <label
        class="flex flex-col font-bold mb-2 mt-6"
        for="firstName"
      >
        Last Name
        <input
          class="px-4 py-2 rounded-md my-2 ring-1 ring-grey-400 dark:ring-grey-700"
          id="lastName"
          name="lastName"
          placeholder="Doe"
          type="text"
          value=""
        />
        <div
          class="font-sm font-normal text-red-600"
        />
      </label>
      <label
        class="flex flex-col font-bold mb-2 mt-6"
        for="firstName"
      >
        Company
        <input
          class="px-4 py-2 rounded-md my-2 ring-1 ring-grey-400 dark:ring-grey-700"
          id="company"
          name="company"
          type="text"
          value=""
        />
        <div
          class="font-sm font-normal text-red-600"
        />
      </label>
      <label
        class="flex flex-col font-bold mb-2 mt-6"
        for="firstName"
      >
        Email Address
        <input
          class="px-4 py-2 rounded-md my-2 ring-1 ring-grey-400 dark:ring-grey-700"
          id="email"
          name="email"
          placeholder="johndoe@gmail.com"
          type="email"
          value=""
        />
        <div
          class="font-sm font-normal text-red-600"
        />
      </label>
      <label
        class="flex flex-col font-bold mb-2 mt-6"
        for="subject"
      >
        Subject
        <select
          class="px-4 py-2 rounded-md my-2 ring-1 ring-grey-400 dark:ring-grey-700"
          id="subject"
          name="subject"
        >
          <option
            value="none"
          >
            Please select
          </option>
          <option
            value="I need a website / app developed"
          >
            I need a website / app developed
          </option>
          <option
            value="Feedback on this website"
          >
            Feedback on this website
          </option>
          <option
            value="General Inquiry"
          >
            General Inquiry
          </option>
          <option
            value="I am a recruiter and want to hire you"
          >
            I am a recruiter and want to hire you
          </option>
          <option
            value="Other"
          >
            Other
          </option>
        </select>
        <div
          class="font-sm font-normal text-red-600"
        />
      </label>
      <label
        class="flex flex-col font-bold mb-2 mt-6"
        for="firstName"
      >
        Message
        <textarea
          class="px-4 py-2 rounded-md my-2 ring-1 ring-grey-400 dark:ring-grey-700"
          id="message"
          name="message"
          rows="5"
        />
        <div
          class="font-sm font-normal text-red-600"
        />
      </label>
      <div
        class="mt-6"
      >
        <button
          class="block gradient-border transition transition-300 rounded-md px-4 py-2 headline hover:gradient-bg hover:text-off-white disabled:opacity-50 disabled:cursor-not-allowed group"
          type="submit"
        >
          Send Message
        </button>
      </div>
    </div>
  </form>
</div>
`;
