// Jest Snapshot v1, https://goo.gl/fbAQLP

exports[`Box renders correctly 1`] = `
<div>
  <div
    class="glass-light dark:glass-dark mb-6 rounded-3xl px-8 py-6 drop-shadow-lg transition-all hover:drop-shadow-2xl md:w-10/12"
  >
    Hello Box
  </div>
</div>
`;
